\BOOKMARK [1][-]{section.0.1}{Introduction}{}% 1
\BOOKMARK [1][-]{section.0.2}{Specifications and Tests}{}% 2
\BOOKMARK [1][-]{section.0.3}{Conclusion}{}% 3
